// Jest Snapshot v1, https://goo.gl/fbAQLP

exports[`Should MovieList render correctly Without pagination 1`] = `
<div
  className="catalog__movies-list"
>
  <article
    className="small-movie-card catalog__movies-card"
    onMouseEnter={[Function]}
    onMouseLeave={[Function]}
  >
    <a
      className="small-movie-card__link"
      href="/films/1"
      onClick={[Function]}
    >
      <div
        className="small-movie-card__image"
      >
        <img
          alt="test"
          height="175"
          src="test"
          width="280"
        />
      </div>
      <h3
        className="small-movie-card__title"
      >
        test
      </h3>
    </a>
  </article>
</div>
`;
