// Jest Snapshot v1, https://goo.gl/fbAQLP

exports[`Should MovieReview render correctly 1`] = `
<div
  className="review"
>
  <blockquote
    className="review__quote"
  >
    <p
      className="review__text"
    >
      test
    </p>
    <footer
      className="review__details"
    >
      <cite
        className="review__author"
      >
        test
      </cite>
      <time
        className="review__date"
        dateTime="2016-12-24"
      >
        December 20, 2020
      </time>
    </footer>
  </blockquote>
  <div
    className="review__rating"
  >
    5
  </div>
</div>
`;
